// Vitest Snapshot v1, https://vitest.dev/guide/snapshot.html

exports[`Toast component > should match default snapshot 1`] = `
<div>
  <div
    style="position: fixed; z-index: 9999; top: 16px; left: 16px; right: 16px; bottom: 16px; pointer-events: none; margin: 8px;"
  />
</div>
`;
